[20:01:08] [ServerMain/INFO]: [bootstrap] Running Java 21 (Java HotSpot(TM) 64-Bit Server VM 21.0.8+12-LTS-250; Oracle Corporation null) on Windows 10 10.0 (amd64)
[20:01:08] [ServerMain/INFO]: [bootstrap] Loading Paper 1.21.1-133-ver/1.21.1@3cb8529 (2025-03-28T16:14:36Z) for Minecraft 1.21.1
[20:01:08] [ServerMain/INFO]: [PluginInitializerManager] Initializing plugins...
[20:01:09] [ServerMain/INFO]: [PluginInitializerManager] Initialized 1 plugin
[20:01:09] [ServerMain/INFO]: [PluginInitializerManager] Bukkit plugins (1):
 - AuthMe (5.6.0-bCUSTOM)
[20:01:12] [ServerMain/INFO]: Environment: Environment[sessionHost=https://sessionserver.mojang.com, servicesHost=https://api.minecraftservices.com, name=PROD]
[20:01:13] [ServerMain/INFO]: Loaded 1290 recipes
[20:01:13] [ServerMain/INFO]: Loaded 1399 advancements
[20:01:14] [Server thread/INFO]: Starting minecraft server version 1.21.1
[20:01:14] [Server thread/WARN]: ****************************
[20:01:14] [Server thread/WARN]: YOU ARE RUNNING THIS SERVER AS AN ADMINISTRATIVE OR ROOT USER. THIS IS NOT ADVISED.
[20:01:14] [Server thread/WARN]: YOU ARE OPENING YOURSELF UP TO POTENTIAL RISKS WHEN DOING THIS.
[20:01:14] [Server thread/WARN]: FOR MORE INFORMATION, SEE https://madelinemiller.dev/blog/root-minecraft-server/
[20:01:14] [Server thread/WARN]: ****************************
[20:01:14] [Server thread/INFO]: Loading properties
[20:01:14] [Server thread/INFO]: This server is running Paper version 1.21.1-133-ver/1.21.1@3cb8529 (2025-03-28T16:14:36Z) (Implementing API version 1.21.1-R0.1-SNAPSHOT)
[20:01:14] [Server thread/INFO]: [spark] This server bundles the spark profiler. For more information please visit https://docs.papermc.io/paper/profiling
[20:01:14] [Server thread/INFO]: Server Ping Player Sample Count: 12
[20:01:14] [Server thread/INFO]: Using 4 threads for Netty based IO
[20:01:15] [Server thread/INFO]: [ChunkTaskScheduler] Chunk system is using 1 I/O threads, 3 worker threads, and population gen parallelism of 3 threads
[20:01:15] [Server thread/INFO]: Default game type: SURVIVAL
[20:01:15] [Server thread/INFO]: Generating keypair
[20:01:15] [Server thread/INFO]: Starting Minecraft server on *:25565
[20:01:15] [Server thread/INFO]: Using default channel type
[20:01:15] [Server thread/INFO]: Paper: Using Java compression from Velocity.
[20:01:15] [Server thread/INFO]: Paper: Using Java cipher from Velocity.
[20:01:15] [Server thread/INFO]: [AuthMe] Loading server plugin AuthMe v5.6.0-bCUSTOM
[20:01:15] [Server thread/INFO]: Server permissions file permissions.yml is empty, ignoring it
[20:01:15] [Server thread/WARN]: **** SERVER IS RUNNING IN OFFLINE/INSECURE MODE!
[20:01:15] [Server thread/WARN]: The server will make no attempt to authenticate usernames. Beware.
[20:01:15] [Server thread/WARN]: While this makes the game possible to play without internet access, it also opens up the ability for hackers to connect with any username they choose.
[20:01:15] [Server thread/WARN]: To change this, set "online-mode" to "true" in the server.properties file.
[20:01:15] [Server thread/INFO]: Preparing level "world"
[20:01:16] [Server thread/INFO]: Preparing start region for dimension minecraft:overworld
[20:01:16] [Server thread/INFO]: Time elapsed: 749 ms
[20:01:16] [Server thread/INFO]: Preparing start region for dimension minecraft:the_nether
[20:01:16] [Server thread/INFO]: Time elapsed: 89 ms
[20:01:16] [Server thread/INFO]: Preparing start region for dimension minecraft:the_end
[20:01:17] [Server thread/INFO]: Time elapsed: 57 ms
[20:01:17] [Server thread/INFO]: [AuthMe] Enabling AuthMe v5.6.0-bCUSTOM
[20:01:17] [Server thread/INFO]: [AuthMe] SQLite Setup finished
[20:01:17] [Server thread/INFO]: [AuthMe] No supported permissions system found! Permissions are disabled!
[20:01:17] [Server thread/WARN]: [AuthMe] WARNING! The protectInventory feature requires ProtocolLib! Disabling it...
[20:01:17] [Server thread/INFO]: [AuthMe] AuthMe 5.6.0 build n.CUSTOM successfully enabled!
[20:01:17] [Server thread/INFO]: [spark] Starting background profiler...
[20:01:17] [Server thread/INFO]: [spark] The async-profiler engine is not supported for your os/arch (windows10/amd64), so the built-in Java engine will be used instead.
[20:01:17] [Server thread/INFO]: Done preparing level "world" (2.133s)
[20:01:17] [Server thread/INFO]: Running delayed init tasks
[20:01:17] [Server thread/INFO]: Done (10.598s)! For help, type "help"
[20:01:17] [Craft Scheduler Thread - 3 - AuthMe/INFO]: [AuthMe] Downloading GEO IP database, because the old database is older than 30 days or doesn't exist
[20:01:17] [Server thread/INFO]: Timings Reset
[20:01:17] [Craft Scheduler Thread - 3 - AuthMe/WARN]: [AuthMe] No MaxMind credentials found in the configuration file! GeoIp protections will be disabled.
[20:01:17] [Craft Scheduler Thread - 3 - AuthMe/INFO]: [AuthMe] There is no newer GEO IP database uploaded to MaxMind. Using the old one for now.
[20:01:17] [Craft Scheduler Thread - 3 - AuthMe/WARN]: [AuthMe] Could not download GeoLiteAPI database [FileNotFoundException]: plugins\AuthMe\GeoLite2-Country.mmdb (Не удается найти указанный файл)
[20:03:00] [User Authenticator #0/INFO]: UUID of player KpoJIeBapKa is 7725e60c-d6f2-308b-b1b0-d94da499c488
[20:03:00] [Server thread/INFO]: KpoJIeBapKa joined the game
[20:03:01] [Server thread/INFO]: KpoJIeBapKa[/192.168.0.1:39792] logged in with entity id 19 at ([world]775.761765542968, 64.0, 978.1777006103573)
[20:03:06] [Craft Scheduler Thread - 5 - AuthMe/INFO]: [AuthMe] KpoJIeBapKa logged in 192.168.0.1
[20:25:54] [User Authenticator #1/INFO]: UUID of player TheHomer is ff2e3c85-82b5-30be-96dd-947a718a6fd1
[20:25:55] [Server thread/INFO]: Disconnecting TheHomer (/192.168.0.1:42303): You are not whitelisted on this server!
[20:25:55] [Server thread/INFO]: TheHomer (/192.168.0.1:42303) lost connection: You are not whitelisted on this server!
[21:06:12] [Server thread/INFO]: KpoJIeBapKa lost connection: Disconnected
[21:06:12] [Server thread/INFO]: KpoJIeBapKa left the game
[21:06:17] [Server thread/INFO]: Stopping server
[21:06:17] [Server thread/INFO]: [AuthMe] Disabling AuthMe v5.6.0-bCUSTOM
[21:06:17] [Server thread/INFO]: [AuthMe] Waiting for 0 tasks to finish
[21:06:17] [Server thread/INFO]: [AuthMe] AuthMe 5.6.0-bCUSTOM disabled!
[21:06:17] [Server thread/INFO]: Saving players
[21:06:18] [Server thread/INFO]: Saving worlds
[21:06:18] [Server thread/INFO]: Saving chunks for level 'ServerLevel[world]'/minecraft:overworld
[21:06:18] [Server thread/INFO]: [ChunkHolderManager] Waiting 60s for chunk system to halt for world 'world'
[21:06:18] [Server thread/INFO]: [ChunkHolderManager] Halted chunk system for world 'world'
[21:06:18] [Server thread/INFO]: [ChunkHolderManager] Saving all chunkholders for world 'world'
[21:06:18] [Server thread/INFO]: [ChunkHolderManager] Saved 25 block chunks, 159 entity chunks, 3 poi chunks in world 'world' in 0,06s
[21:06:18] [Server thread/INFO]: Saving chunks for level 'ServerLevel[world_nether]'/minecraft:the_nether
[21:06:18] [Server thread/INFO]: [ChunkHolderManager] Waiting 60s for chunk system to halt for world 'world_nether'
[21:06:18] [Server thread/INFO]: [ChunkHolderManager] Halted chunk system for world 'world_nether'
[21:06:18] [Server thread/INFO]: [ChunkHolderManager] Saving all chunkholders for world 'world_nether'
[21:06:18] [Server thread/INFO]: [ChunkHolderManager] Saved 0 block chunks, 0 entity chunks, 0 poi chunks in world 'world_nether' in 0,00s
[21:06:18] [Server thread/INFO]: Saving chunks for level 'ServerLevel[world_the_end]'/minecraft:the_end
[21:06:18] [Server thread/INFO]: [ChunkHolderManager] Waiting 60s for chunk system to halt for world 'world_the_end'
[21:06:18] [Server thread/INFO]: [ChunkHolderManager] Halted chunk system for world 'world_the_end'
[21:06:18] [Server thread/INFO]: [ChunkHolderManager] Saving all chunkholders for world 'world_the_end'
[21:06:18] [Server thread/INFO]: [ChunkHolderManager] Saved 0 block chunks, 0 entity chunks, 0 poi chunks in world 'world_the_end' in 0,00s
[21:06:18] [Server thread/INFO]: ThreadedAnvilChunkStorage (world): All chunks are saved
[21:06:18] [Server thread/INFO]: ThreadedAnvilChunkStorage (DIM-1): All chunks are saved
[21:06:18] [Server thread/INFO]: ThreadedAnvilChunkStorage (DIM1): All chunks are saved
[21:06:18] [Server thread/INFO]: ThreadedAnvilChunkStorage: All dimensions are saved
